15.01.2025 01:09:24 PM: INFO : The export is being processed
15.01.2025 01:09:24 PM: INFO : Subnet: PN/IE_1 is being exported.
15.01.2025 01:09:24 PM: INFO : S7-1500/ET200MP station_1 is being exported.
15.01.2025 01:09:24 PM: INFO : Rail_0 is being exported.
15.01.2025 01:09:24 PM: DEBUG: Unsupported attributes. The 'PlantDesignation, LocationIdentifier, InstallationDate, AdditionalInformation, Failsafe_FSourceAddress, Failsafe_FDestinationAddress' attributes could not be called for the device 'Rail_0'.
15.01.2025 01:09:24 PM: INFO : PLC_1 is being exported.
15.01.2025 01:09:24 PM: INFO : Default tag table is being exported.
15.01.2025 01:09:25 PM: DEBUG: Unsupported attributes. The 'Failsafe_FSourceAddress, Failsafe_FDestinationAddress, PlantDesignation, LocationIdentifier, InstallationDate, AdditionalInformation' attributes could not be called for the device 'CPU display_1'.
15.01.2025 01:09:25 PM: DEBUG: Unsupported attributes. The 'Failsafe_FSourceAddress, Failsafe_FDestinationAddress, PlantDesignation, LocationIdentifier, InstallationDate, AdditionalInformation' attributes could not be called for the device 'Card reader/writer_1'.
15.01.2025 01:09:25 PM: DEBUG: Unsupported attributes. The 'Failsafe_FSourceAddress, Failsafe_FDestinationAddress, PlantDesignation, LocationIdentifier, InstallationDate, AdditionalInformation' attributes could not be called for the device 'OPC UA_1'.
15.01.2025 01:09:25 PM: DEBUG: Unsupported attributes. The 'InterfaceLabel, InterfaceAssignmentType' attributes could not be called for the device 'PROFINET interface_1'.
15.01.2025 01:09:25 PM: DEBUG: Unsupported attributes. The 'Failsafe_FSourceAddress, Failsafe_FDestinationAddress, PlantDesignation, LocationIdentifier, InstallationDate, AdditionalInformation' attributes could not be called for the device 'PROFINET interface_1'.
15.01.2025 01:09:25 PM: DEBUG: Unsupported attributes. The 'TypeName' attributes could not be called for the device 'Port_1'.
15.01.2025 01:09:25 PM: DEBUG: Unsupported attributes. The 'Failsafe_FSourceAddress, Failsafe_FDestinationAddress, PlantDesignation, LocationIdentifier, InstallationDate, AdditionalInformation' attributes could not be called for the device 'Port_1'.
15.01.2025 01:09:25 PM: DEBUG: Unsupported attributes. The 'TypeName' attributes could not be called for the device 'Port_2'.
15.01.2025 01:09:25 PM: DEBUG: Unsupported attributes. The 'Failsafe_FSourceAddress, Failsafe_FDestinationAddress, PlantDesignation, LocationIdentifier, InstallationDate, AdditionalInformation' attributes could not be called for the device 'Port_2'.
15.01.2025 01:09:25 PM: DEBUG: Unsupported attributes. The 'InterfaceLabel, InterfaceAssignmentType' attributes could not be called for the device 'PROFINET interface_2'.
15.01.2025 01:09:25 PM: DEBUG: Unsupported attributes. The 'Failsafe_FSourceAddress, Failsafe_FDestinationAddress, PlantDesignation, LocationIdentifier, InstallationDate, AdditionalInformation' attributes could not be called for the device 'PROFINET interface_2'.
15.01.2025 01:09:25 PM: DEBUG: Unsupported attributes. The 'TypeName' attributes could not be called for the device 'Port_1'.
15.01.2025 01:09:25 PM: DEBUG: Unsupported attributes. The 'Failsafe_FSourceAddress, Failsafe_FDestinationAddress, PlantDesignation, LocationIdentifier, InstallationDate, AdditionalInformation' attributes could not be called for the device 'Port_1'.
15.01.2025 01:09:25 PM: DEBUG: Unsupported attributes. The 'InterfaceLabel, InterfaceAssignmentType' attributes could not be called for the device 'DP interface_1'.
15.01.2025 01:09:25 PM: DEBUG: Unsupported attributes. The 'Failsafe_FSourceAddress, Failsafe_FDestinationAddress, PlantDesignation, LocationIdentifier, InstallationDate, AdditionalInformation' attributes could not be called for the device 'DP interface_1'.
15.01.2025 01:09:25 PM: ERROR: device HMI_1 is being skipped. The required attribute TypeIdentifier is invalid or missing.
15.01.2025 01:09:25 PM: DEBUG: Sinumerik One plugin export called
15.01.2025 01:09:25 PM: DEBUG: NCU840D sl plugin export called
15.01.2025 01:09:25 PM: INFO : The export file is being created...
15.01.2025 01:09:26 PM: INFO : Exporting of the CAx data is completed (errors: 1, warnings: 0)
